// Jest Snapshot v1, https://goo.gl/fbAQLP

exports[`TextSelector component renders TextSelector 1`] = `
<label>
  Text: 
  <input
    name="text"
    onChange={[Function]}
    type="text"
    value="Some text here"
  />
</label>
`;
